mode: set
github.com/dinos/go-ecommerce-be-api/tests/basic/main.go:3.26,5.2 1 1
